// Jest Snapshot v1, https://goo.gl/fbAQLP

exports[`<GenericSubList /> Renders GenericSubList as expected 1`] = `
<div>
  You still have no products added
</div>
`;
