// Jest Snapshot v1, https://goo.gl/fbAQLP

exports[`<GenericList /> Renders GenericList as expected 1`] = `
<div>
  You still have no undefineds added
</div>
`;
