// Jest Snapshot v1, https://goo.gl/fbAQLP

exports[`<OrderList /> Renders OrderList as expected 1`] = `<div />`;
