// Jest Snapshot v1, https://goo.gl/fbAQLP

exports[`<ReportList /> Renders ReportList as expected 1`] = `
<div>
  You have no orders in this report
</div>
`;
